CP_TRIGGER: improvement-pipeline --task SPLIT_AGENT --agent sales-team
[2026-07-22T21:36:49+00:00] DONE: im-designer → 5 patches designed (F-1311 D1, F-1312 D3, F-499 Q1, F-1208 Q1, F-1220 Q1) | goose-expert: 2 consulted (CONFORM, RESTRICTED) | L01 check: OK
[2026-07-23T15:28:24+00:00] DONE: im-rank → 1509 findings ranked, top-5 selected (F-274, F-290, F-396, F-500, F-501) | duplicates: 0 | Art.1-6 blocked: 0 | deprioritized: 0
[2026-07-23T15:30:00+00:00] DONE: im-designer → 2 patches designed (F-396 A5, F-500 MM3) | 3 skipped (F-274 already-applied, F-290 already-applied, F-501 leaf-agent-no-summon-needed) | goose-expert: 5 consulted (CONFORM, CONFORM, RESTRICTED, CONFORM, RESTRICTED) | L01 check: OK
[2026-07-23T21:12:00+00:00] DONE: im-designer → 5 patches designed (F-569 MM6, F-659 MM6+companion, F-738 MM6+companion) | 2 skipped (F-538 already-applied, F-541 already-applied) | goose-expert: verdicts embedded from knowledge | L01 check: OK
[2026-07-23T21:15:00+00:00] DONE: im-validator → 5 patches validated (F-569 MM6, F-659 MM6+companion, F-738 MM6+companion) | all APPROVED | L01 check: OK | goose-expert: all CONFORM | STEP 0.5b: NOT triggered
[2026-07-23T22:07:00+00:00] DONE: im-rank → 1159 findings ranked, top-5 selected (F-168, F-823, F-865, F-1138, F-1139) | duplicates: 0 | Art.1-6 blocked: 14 (constitution) | ceiling_filtered: 0 | deprioritized: 0
[2026-07-23T22:21:00+00:00] DONE: im-validator → 5 patches validated (F-168 MM4, F-823 MM6, F-865 MM6, F-1138 E1, F-1139 NN1) | all APPROVED | L01 check: OK | goose-expert: 4 CONFORM, 1 RESTRICTED (F-823) | STEP 0.5b: NOT triggered
[2026-07-23T22:35:00+00:00] DONE: im-designer → 5 patches designed (F-1211 E1, F-1212 NN1, F-1213 NN3, F-1214 NN1, F-1215 NN3) | goose-expert: 0 consulted (no mandatory types in top-5) | L01 check: OK
[2026-07-23T22:56:00+00:00] DONE: im-rank → 1248 findings ranked, top-20 selected (F-375...F-1220) | duplicates: 0 | Art.1-6 blocked: 0 | ceiling_filtered: 0 | deprioritized: 0
[2026-07-24T17:46:20+00:00] APPLY_ONLY: ALL-ALREADY-APPLIED — 4 director patches + 19 author-field fixes all confirmed applied in prior session | stage=apply_only | recursion_override=1 | no_changes_needed
[2026-07-24T21:21:00+00:00] FIX_SPECIFIC: NO_CHANGES_NEEDED — all findings from rounds 36/37/41 already applied. R47 structural findings not in .json format (design proposals, not validated patches). 0 patches applied. | stage=fix_specific | recursion_override=2 | findings_scanned=[round41(19), round37(2), round36(3), R47(3-draft), R43(10-draft)]
[2026-07-25T12:31:00+00:00] APPLY_ONLY: ALL-ALREADY-APPLIED — Patch F-2211 (E1) confirmed in source. 4 author-field install fixes already clean. 19 NN1 unchanged. 0 patches applied. | stage=apply_only | recursion_override=2 | status=idempotent
[2026-07-25T13:14:00+00:00] APPLY_ONLY: ALL-ALREADY-APPLIED — 19 author-field fixes from round41_findings.json all confirmed applied in prior session. 0 patches applied this round. | stage=apply_only | recursion_override=2 | status=idempotent
[2026-07-29T09:12:01+00:00] APPLY_ONLY: ALL-ALREADY-APPLIED — Patch F-002 (NN3 scope_reduction) confirmed in source. 0 patches applied this round. | stage=apply_only | recursion_override=2 | status=idempotent
[2026-08-04T09:27:00+00:00] APPLY_ONLY: ALL-ALREADY-APPLIED — Patch F-001 (Q4 schema_drift path fix) confirmed in source (L15+L29 recipe/instructions/). 0 patches applied this round. R10/R11 re-verified, goose-expert CONFORM. | stage=apply_only | recursion_override=2 | request_id=8b21f930-53bd-4245-bb25-1bbf796abc4e | status=idempotent
[2026-08-04T09:52:00+00:00] APPLY_ONLY: 1 patch applied — F-022 (SD test-literal 14->17 critical checks in tests/test_sub_mas_pre_push_validator.py) via sub_mas-yaml-editor | stage=apply_only | recursion_override=2 | request_id=8b21f930-53bd-4245-bb25-1bbf796abc4e | pytest 10/10 | goose-expert CONFORM | status=success
[2026-08-04T10:18:00+00:00] APPLY_ONLY: ALL-ALREADY-APPLIED — F-001 (web-researcher path fix) + F-022 (test-literal 14->17) both confirmed on disk. 0 patches applied this round. | stage=apply_only | recursion_override=2 | request_id=8b21f930-53bd-4245-bb25-1bbf796abc4e | pytest 10/10 | goose-expert CONFORM | status=idempotent
[2026-08-04T10:53:30+00:00] DONE: im-rank → 14 findings ranked (F-001..F-014, NN1 medium, real), top-14 selected (IM_TOP_N=30, only 14 implementable — mismatch logged) | duplicates: 0 | ceiling_filtered: 0 | Art.1-6 blocked: 0 | deprioritized: 0 | skipped non-implementable: 7 (F-015..F-021: false_positive/by_design/line_wrap_artifact) | request_id=c4393c42-43ed-4846-b7e6-ced74052061c | next: im-designer
[2026-08-04T11:05:02+00:00] DONE: im-rank → 14 findings ranked (F-001..F-014, NN1 medium, real), top-14 selected (IM_TOP_N=30, only 14 implementable — mismatch logged) | duplicates: 0 | ceiling_filtered: 0 | Art.1-6 blocked: 0 | deprioritized: 0 | skipped non-implementable: 7 (F-015..F-021: false_positive/by_design/line_wrap_artifact) | request_id=a761797d-1cd8-414d-a68f-82377cb09c82 | next: im-designer
[2026-08-04T11:53:00+00:00] APPLY_ONLY: ABORTED — cost limit reached (5 self-improve entries today >= 5). Nothing pending (F-001+F-022 applied, author-fixes clean, patches.yaml []). 0 patches applied. changes.json NOT appended (would breach limit). | stage=apply_only | recursion_override=2 | request_id=8b21f930-53bd-4245-bb25-1bbf796abc4e | status=aborted | reason=cost_limit
[2026-08-04T12:14:00+00:00] DONE: im-rank → 14 findings ranked (F-001..F-014, NN1 medium, real), top-14 selected (IM_TOP_N=30, only 14 implementable — mismatch logged) | duplicates: 0 | ceiling_filtered: 0 | Art.1-6 blocked: 0 | deprioritized: 0 | skipped non-implementable: 7 (F-015..F-021: false_positive/by_design/line_wrap_artifact) | request_id=c11373b4-3fbd-40a7-a08f-22ee79115fd8 | next: im-designer
[2026-08-04T12:19:00+00:00] APPLY_ONLY: ALL-ALREADY-APPLIED — F-001 (web-researcher path) + F-022 (test-literal 14->17) confirmed on disk; 19 author-fixes clean; patches.yaml 12:17Z = [] (14 NN1 skipped, R52 preconditions). 0 patches applied this round. | stage=apply_only | recursion_override=2 | request_id=8b21f930-53bd-4245-bb25-1bbf796abc4e | pytest 10/10 | goose-expert CONFORM | status=idempotent
