=== bulk-fixer APPLY run @ 2026-07-24T19:14:31Z ===

--- stats ---
=== Findings stats ===
Total: 1929
By severity: {'low': 1868, 'medium': 61}
By type (top 10):
  Q3: 149  [auto-fixable]
  K3: 147  [auto-fixable]
  U1: 144  [auto-fixable]
  L1: 143  [auto-fixable]
  G2: 136  [auto-fixable]
  K1: 135  [auto-fixable]
  L2: 134  [auto-fixable]
  II1: 133  [auto-fixable]
  B3: 129  [auto-fixable]
  C2: 121  [auto-fixable]

Auto-fixable: 1691/1929 (87.7%)
Q3 false-positives: 149 (title is valid, no fix needed)


--- git status (before commit) ---
 M recipe/dashboard-data-refresh.yaml
 M recipe/dev-mas-engineer.yaml
 M recipe/e2e-verify-auto-repair.yaml
 M recipe/e2e-verify-german-fixes.yaml
 M recipe/e2e-verify-phoenix-fixes.yaml
 M recipe/root_recipe.yaml
 M recipe/setup-dashboard.yaml
 M recipe/sub/demo-team/code-reviewer-ORIGINAL.yaml
 M recipe/sub/demo-team/code-reviewer.yaml
 M recipe/sub/demo-team/sub_mas-analytics-reporter.yaml
 M recipe/sub/demo-team/sub_mas-code-reviewer-director.yaml
 M recipe/sub/demo-team/sub_mas-code-reviewer-reporter.yaml
 M recipe/sub/demo-team/sub_mas-code-reviewer-synthesizer.yaml
 M recipe/sub/demo-team/sub_mas-code-reviewer-validator.yaml
 M recipe/sub/demo-team/sub_mas-cr-director.yaml
 M recipe/sub/demo-team/sub_mas-cr-orchestrator.yaml
 M recipe/sub/demo-team/sub_mas-cr-report-valid-coordinator.yaml
 M recipe/sub/demo-team/sub_mas-cr-reporter-formatter.yaml
 M recipe/sub/demo-team/sub_mas-cr-reporter-orchestrator.yaml
 M recipe/sub/demo-team/sub_mas-cr-reporter-recommender.yaml
 M recipe/sub/demo-team/sub_mas-cr-reporter.yaml
 M recipe/sub/demo-team/sub_mas-cr-synth-coordinator.yaml
 M recipe/sub/demo-team/sub_mas-cr-synthesizer-merger.yaml
 M recipe/sub/demo-team/sub_mas-cr-synthesizer-orchestrator.yaml
 M recipe/sub/demo-team/sub_mas-cr-synthesizer-prioritizer.yaml
 M recipe/sub/demo-team/sub_mas-cr-synthesizer.yaml
 M recipe/sub/demo-team/sub_mas-cr-validator-crosschecker.yaml
 M recipe/sub/demo-team/sub_mas-cr-validator-orchestrator.yaml
 M recipe/sub/demo-team/sub_mas-cr-validator-scorer.yaml
 M recipe/sub/demo-team/sub_mas-cr-validator.yaml
 M recipe/sub/demo-team/sub_mas-demo-runner.yaml
 M recipe/sub/legacy/dev-mas-engineer-ORIGINAL.yaml
 M recipe/sub/legacy/e2e-verify-auto-repair-ORIGINAL.yaml
 M recipe/sub/legacy/e2e-verify-german-fixes-ORIGINAL.yaml
 M recipe/sub/legacy/e2e-verify-phoenix-fixes-ORIGINAL.yaml
 M recipe/sub/legacy/sub_mas-code-reviewer-director-ORIGINAL.yaml
 M recipe/sub/legacy/sub_mas-code-reviewer-reporter-ORIGINAL.yaml
 M recipe/sub/legacy/sub_mas-code-reviewer-synthesizer-ORIGINAL.yaml
 M recipe/sub/legacy/sub_mas-code-reviewer-validator-ORIGINAL.yaml
 M recipe/sub/legacy/sub_mas-framework-scanner-ORIGINAL.yaml
 M recipe/sub/legacy/sub_mas-python-repair-ORIGINAL.yaml
 M recipe/sub/legacy/sub_mas-test-fix-failures-validator-ORIGINAL.yaml
 M recipe/sub/legacy/test-mas-user-ORIGINAL.yaml
 M recipe/sub/security-scanner.yaml
 M recipe/sub/static-analyzer.yaml
 M recipe/sub/sub_mas-agent-guardian.yaml
 M recipe/sub/sub_mas-bootstrap.yaml
 M recipe/sub/sub_mas-config-auditor.yaml
 M recipe/sub/sub_mas-content-writer.yaml
 M recipe/sub/sub_mas-dashboard-refresh.yaml
 M recipe/sub/sub_mas-degradation-handler.yaml
 M recipe/sub/sub_mas-dev-analyzer.yaml
 M recipe/sub/sub_mas-dev-builder.yaml
 M recipe/sub/sub_mas-dev-director.yaml
 M recipe/sub/sub_mas-dev-observer.yaml
 M recipe/sub/sub_mas-dev-tester.yaml
 M recipe/sub/sub_mas-doc-generator.yaml
 M recipe/sub/sub_mas-doc-writer.yaml
 M recipe/sub/sub_mas-e2e-auto-repair-director.yaml
 M recipe/sub/sub_mas-e2e-auto-repair-runner.yaml
 M recipe/sub/sub_mas-e2e-auto-repair-validator.yaml
 M recipe/sub/sub_mas-e2e-german-fixes-checker.yaml
 M recipe/sub/sub_mas-e2e-german-fixes-director.yaml
 M recipe/sub/sub_mas-e2e-german-fixes-runner.yaml
 M recipe/sub/sub_mas-e2e-german-fixes-validator.yaml
 M recipe/sub/sub_mas-e2e-phoenix-fixes-director.yaml
 M recipe/sub/sub_mas-e2e-phoenix-fixes-runner.yaml
 M recipe/sub/sub_mas-e2e-phoenix-fixes-validator.yaml
 M recipe/sub/sub_mas-email-campaign-manager.yaml
 M recipe/sub/sub_mas-framework-audit-agent.yaml
 M recipe/sub/sub_mas-framework-harden-agent.yaml
 M recipe/sub/sub_mas-framework-knowledge.yaml
 M recipe/sub/sub_mas-framework-scan-agent.yaml
 M recipe/sub/sub_mas-framework-scanner-director.yaml
 M recipe/sub/sub_mas-framework-scanner.yaml
 M recipe/sub/sub_mas-general-improver.yaml
 M recipe/sub/sub_mas-generic-init.yaml
 M recipe/sub/sub_mas-git-operator.yaml
 M recipe/sub/sub_mas-goose-admin.yaml
 M recipe/sub/sub_mas-goose-expert.yaml
 M recipe/sub/sub_mas-health-reporter.yaml
 M recipe/sub/sub_mas-im-designer.yaml
 M recipe/sub/sub_mas-im-finder.yaml
 M recipe/sub/sub_mas-im-rank.yaml
 M recipe/sub/sub_mas-im-session-reader.yaml
 M recipe/sub/sub_mas-im-validator.yaml
 M recipe/sub/sub_mas-intention-parser.yaml
 M recipe/sub/sub_mas-interpreter.yaml
 M recipe/sub/sub_mas-json-utility.yaml
 M recipe/sub/sub_mas-mas-controller.yaml
 M recipe/sub/sub_mas-master-constitution.yaml
 M recipe/sub/sub_mas-migration-helper.yaml
 M recipe/sub/sub_mas-monitor-health.yaml
 M recipe/sub/sub_mas-monitor-recovery.yaml
 M recipe/sub/sub_mas-monitor-runtime.yaml
 M recipe/sub/sub_mas-monitor-session.yaml
 M recipe/sub/sub_mas-pre-push-validator.yaml
 M recipe/sub/sub_mas-prompt-engineer.yaml
 M recipe/sub/sub_mas-python-analyzer.yaml
 M recipe/sub/sub_mas-python-fixer.yaml
 M recipe/sub/sub_mas-python-repair-director.yaml
 M recipe/sub/sub_mas-python-repair.yaml
 M recipe/sub/sub_mas-python-validator.yaml
 M recipe/sub/sub_mas-recipe-designer.yaml
 M recipe/sub/sub_mas-recipe-manager.yaml
 M recipe/sub/sub_mas-recovery-checkpoint.yaml
 M recipe/sub/sub_mas-recovery-defib.yaml
 M recipe/sub/sub_mas-recovery-immune.yaml
 M recipe/sub/sub_mas-recovery-safezone.yaml
 M recipe/sub/sub_mas-recovery-timeline.yaml
 M recipe/sub/sub_mas-self-auditor.yaml
 M recipe/sub/sub_mas-seo-researcher.yaml
 M recipe/sub/sub_mas-session-analyst.yaml
 M recipe/sub/sub_mas-signal-generator.yaml
 M recipe/sub/sub_mas-social-media-manager.yaml
 M recipe/sub/sub_mas-summarizer.yaml
 M recipe/sub/sub_mas-system-knowledge.yaml
 M recipe/sub/sub_mas-team-packager.yaml
 M recipe/sub/sub_mas-test-agent.yaml
 M recipe/sub/sub_mas-test-director.yaml
 M recipe/sub/sub_mas-test-fix-failures-applier.yaml
 M recipe/sub/sub_mas-test-fix-failures-designer.yaml
 M recipe/sub/sub_mas-test-fix-failures-director.yaml
 M recipe/sub/sub_mas-test-fix-failures-finder.yaml
 M recipe/sub/sub_mas-test-fix-failures-ranker.yaml
 M recipe/sub/sub_mas-test-fix-failures-validator-director.yaml
 M recipe/sub/sub_mas-test-fix-failures-validator.yaml
 M recipe/sub/sub_mas-test-reporter.yaml
 M recipe/sub/sub_mas-test-runner.yaml
 M recipe/sub/sub_mas-test-scanner.yaml
 M recipe/sub/sub_mas-tff-crossref-validator.yaml
 M recipe/sub/sub_mas-tff-rule-validator.yaml
 M recipe/sub/sub_mas-tff-syntax-validator.yaml
 M recipe/sub/sub_mas-unix-test-runner.yaml
 M recipe/sub/sub_mas-verification-runner.yaml
 M recipe/sub/sub_mas-web-researcher.yaml
 M recipe/sub/sub_mas-workflow-engine.yaml
 M recipe/sub/sub_mas-worktree-manager.yaml
 M recipe/sub/sub_mas-yaml-editor.yaml
 M recipe/sub/template/agent_template.yaml
 M recipe/template/agent_template.yaml
 M recipe/template/recovery/checkpoint.yaml
 M recipe/template/recovery/defib.yaml
 M recipe/template/recovery/immune.yaml
 M recipe/template/recovery/safezone.yaml
 M recipe/template/recovery/timeline.yaml
 M recipe/test-fix-failures.yaml
 M recipe/test-mas-user.yaml
?? recipe/sub/legacy/sub_mas-framework-scan-agent-ORIGINAL.yaml
?? recipe/sub/sub_mas-framework-auditor.yaml
?? recipe/sub/sub_mas-security-sqli-scanner.yaml
?? recipe/sub/sub_mas-test-executor.yaml
?? recipe/sub/sub_mas-test-validator.yaml
?? tools/bulk_findings_fixer.py

