=== Step 1: bulk_findings_fixer.py --stats ===
=== Findings stats ===
Total: 1929
By severity: {'low': 1868, 'medium': 61}
By type (top 10):
  Q3: 149  [auto-fixable]
  K3: 147  [auto-fixable]
  U1: 144  [auto-fixable]
  L1: 143  [auto-fixable]
  G2: 136  [auto-fixable]
  K1: 135  [auto-fixable]
  L2: 134  [auto-fixable]
  II1: 133  [auto-fixable]
  B3: 129  [auto-fixable]
  C2: 121  [auto-fixable]

Auto-fixable: 1691/1929 (87.7%)
Q3 false-positives: 149 (title is valid, no fix needed)


=== Step 2: dry-run ===
  150 files, 1321 fixes (would apply)

=== Step 3: APPLY ===
Loaded 1929 findings from .state/pipeline/findings.yaml
Type filter: ['B3', 'BB1', 'F3', 'F4', 'G2', 'II1', 'K1', 'K3', 'L1', 'L2', 'O1', 'U1']
Mode: APPLY

Processing 149 unique files...
  [FIXED] recipe/dashboard-data-refresh.yaml (G2, K1, K3, L1, L2, O1, U1, BB1, II1)
  [FIXED] recipe/dev-mas-engineer.yaml (B3, K1, K3, L1, U1, BB1, II1)
  [FIXED] recipe/e2e-verify-auto-repair.yaml (B3, G2, K1, K3, L1, O1, U1, BB1, II1)
  [FIXED] recipe/e2e-verify-german-fixes.yaml (B3, G2, K1, K3, L1, O1, U1, BB1, II1)
  [FIXED] recipe/e2e-verify-phoenix-fixes.yaml (B3, G2, K1, K3, L1, L2, O1, U1, BB1, II1)
  [FIXED] recipe/root_recipe.yaml (F3, F4, B3, G2, K3, L1, L2, U1, BB1, II1)
  [FIXED] recipe/setup-dashboard.yaml (F3, F4, B3, G2, K3, L1, L2, O1, BB1, II1)
  [FIXED] recipe/sub/demo-team/code-reviewer-ORIGINAL.yaml (F4, G2, K3, L1, L2, U1, BB1, II1)
  [FIXED] recipe/sub/demo-team/code-reviewer.yaml (F4, B3, G2, K3, L1, L2, U1, BB1, II1)
  [FIXED] recipe/sub/demo-team/sub_mas-analytics-reporter.yaml (B3, G2, K3, L1, L2, U1, BB1, II1)
  [FIXED] recipe/sub/demo-team/sub_mas-code-reviewer-director.yaml (F4, B3, G2, K1, K3, L1, L2, O1, U1, BB1, II1)
  [FIXED] recipe/sub/demo-team/sub_mas-code-reviewer-reporter.yaml (F4, B3, G2, K1, K3, L1, L2, O1, U1, BB1, II1)
  [FIXED] recipe/sub/demo-team/sub_mas-code-reviewer-synthesizer.yaml (F4, G2, K1, K3, L1, L2, O1, U1, BB1, II1)
  [FIXED] recipe/sub/demo-team/sub_mas-code-reviewer-validator.yaml (F4, B3, G2, K1, K3, L1, L2, O1, U1, BB1, II1)
  [FIXED] recipe/sub/demo-team/sub_mas-cr-director.yaml (B3, G2, K1, K3, L1, L2, O1, U1, II1)
  [FIXED] recipe/sub/demo-team/sub_mas-cr-orchestrator.yaml (B3, G2, K1, K3, L1, L2, O1, U1)
  [FIXED] recipe/sub/demo-team/sub_mas-cr-report-valid-coordinator.yaml (B3, G2, K1, K3, L1, L2, U1)
  [FIXED] recipe/sub/demo-team/sub_mas-cr-reporter-formatter.yaml (B3, G2, K1, K3, L1, L2, U1)
  [FIXED] recipe/sub/demo-team/sub_mas-cr-reporter-orchestrator.yaml (B3, G2, K1, K3, L1, L2, O1, U1)
  [FIXED] recipe/sub/demo-team/sub_mas-cr-reporter-recommender.yaml (B3, G2, K1, K3, L1, L2, U1)
  [FIXED] recipe/sub/demo-team/sub_mas-cr-reporter.yaml (B3, G2, K1, K3, L1, L2, O1, U1, II1)
  [FIXED] recipe/sub/demo-team/sub_mas-cr-synth-coordinator.yaml (B3, G2, K1, K3, L1, L2, U1, II1)
  [FIXED] recipe/sub/demo-team/sub_mas-cr-synthesizer-merger.yaml (B3, G2, K1, K3, L1, L2, U1, II1)
  [FIXED] recipe/sub/demo-team/sub_mas-cr-synthesizer-orchestrator.yaml (B3, G2, K1, K3, L1, L2, O1, U1, II1)
  [FIXED] recipe/sub/demo-team/sub_mas-cr-synthesizer-prioritizer.yaml (B3, G2, K1, K3, L1, L2, U1, II1)
  [FIXED] recipe/sub/demo-team/sub_mas-cr-synthesizer.yaml (B3, G2, K1, K3, L1, L2, O1, U1, II1)
  [FIXED] recipe/sub/demo-team/sub_mas-cr-validator-crosschecker.yaml (B3, G2, K1, K3, L1, L2, U1, II1)
  [FIXED] recipe/sub/demo-team/sub_mas-cr-validator-orchestrator.yaml (B3, G2, K1, K3, L1, L2, O1, U1, II1)
  [FIXED] recipe/sub/demo-team/sub_mas-cr-validator-scorer.yaml (B3, G2, K1, K3, L1, L2, U1, II1)
  [FIXED] recipe/sub/demo-team/sub_mas-cr-validator.yaml (B3, G2, K1, K3, L1, L2, O1, U1, II1)
  [FIXED] recipe/sub/demo-team/sub_mas-demo-runner.yaml (B3, G2, K1, K3, L1, L2, O1, U1, BB1, II1)
  [FIXED] recipe/sub/legacy/dev-mas-engineer-ORIGINAL.yaml (K1, K3, L1, O1, U1, II1)
  [FIXED] recipe/sub/legacy/e2e-verify-auto-repair-ORIGINAL.yaml (F3, F4, B3, K3, U1, BB1)
  [FIXED] recipe/sub/legacy/e2e-verify-german-fixes-ORIGINAL.yaml (F3, F4, B3, G2, K3, L1, U1, BB1, II1)
  [FIXED] recipe/sub/legacy/e2e-verify-phoenix-fixes-ORIGINAL.yaml (F3, F4, B3, G2, K3, L1, L2, U1, BB1, II1)
  [FIXED] recipe/sub/legacy/sub_mas-code-reviewer-director-ORIGINAL.yaml (F4, B3, G2, K1, K3, L1, L2, O1, U1, BB1, II1)
  [FIXED] recipe/sub/legacy/sub_mas-code-reviewer-reporter-ORIGINAL.yaml (F4, B3, G2, K1, K3, L1, L2, O1, U1, BB1, II1)
  [FIXED] recipe/sub/legacy/sub_mas-code-reviewer-synthesizer-ORIGINAL.yaml (F4, G2, K1, K3, L1, L2, O1, U1, BB1, II1)
  [FIXED] recipe/sub/legacy/sub_mas-code-reviewer-validator-ORIGINAL.yaml (F4, B3, G2, K1, K3, L1, L2, O1, U1, BB1, II1)
  [FIXED] recipe/sub/legacy/sub_mas-framework-scanner-ORIGINAL.yaml (B3, G2, K1, K3, L1, L2, O1, U1, BB1, II1)
  [FIXED] recipe/sub/legacy/sub_mas-python-repair-ORIGINAL.yaml (B3, G2, K1, K3, L1, L2, O1, U1, BB1, II1)
  [FIXED] recipe/sub/legacy/sub_mas-test-fix-failures-validator-ORIGINAL.yaml (B3, G2, K1, K3, L1, L2, U1, BB1, II1)
  [FIXED] recipe/sub/legacy/test-mas-user-ORIGINAL.yaml (F3, B3, G2, K1, K3, L1, O1, U1, BB1, II1)
  [FIXED] recipe/sub/security-scanner.yaml (F4, B3, G2, K1, K3, L1, L2, O1, U1, BB1, II1)
  [FIXED] recipe/sub/static-analyzer.yaml (F4, B3, G2, K1, K3, L1, L2, O1, U1, BB1, II1)
  [FIXED] recipe/sub/sub_mas-agent-guardian.yaml (B3, G2, K1, K3, L1, L2, O1, U1, BB1, II1)
  [FIXED] recipe/sub/sub_mas-bootstrap.yaml (B3, G2, K1, K3, L1, L2, O1, U1, BB1, II1)
  SKIP recipe/sub/sub_mas-clone.yaml (not found)
  [FIXED] recipe/sub/sub_mas-config-auditor.yaml (B3, G2, K1, K3, L1, L2, O1, U1, BB1, II1)
  [FIXED] recipe/sub/sub_mas-content-writer.yaml (B3, G2, K1, K3, L1, U1, BB1)
  [FIXED] recipe/sub/sub_mas-dashboard-refresh.yaml (G2, K1, K3, L1, L2, U1, BB1)
  [FIXED] recipe/sub/sub_mas-degradation-handler.yaml (B3, G2, K1, K3, L1, L2, U1, BB1, II1)
  [FIXED] recipe/sub/sub_mas-dev-analyzer.yaml (B3, G2, K1, K3, L1, L2, O1, U1, II1)
  [FIXED] recipe/sub/sub_mas-dev-builder.yaml (B3, G2, K1, K3, L1, L2, O1, U1, II1)
  [FIXED] recipe/sub/sub_mas-dev-director.yaml (B3, G2, K1, K3, L2, O1, U1, II1)
  [FIXED] recipe/sub/sub_mas-dev-observer.yaml (B3, G2, K1, K3, L1, L2, O1, U1, II1)
  [FIXED] recipe/sub/sub_mas-dev-tester.yaml (B3, G2, K1, K3, L1, L2, O1, U1, II1)
  [FIXED] recipe/sub/sub_mas-doc-generator.yaml (B3, G2, K1, K3, L1, L2, O1, U1, BB1, II1)
  [FIXED] recipe/sub/sub_mas-doc-writer.yaml (G2, K1, K3, L1, L2, U1, II1)
  [FIXED] recipe/sub/sub_mas-e2e-auto-repair-director.yaml (B3, G2, K1, K3, L1, L2, O1, U1, BB1, II1)
  [FIXED] recipe/sub/sub_mas-e2e-auto-repair-runner.yaml (B3, G2, K1, K3, L1, L2, U1, BB1, II1)
  [FIXED] recipe/sub/sub_mas-e2e-auto-repair-validator.yaml (B3, G2, K1, K3, L1, L2, U1, BB1, II1)
  [FIXED] recipe/sub/sub_mas-e2e-german-fixes-checker.yaml (B3, G2, K3, L1, L2, U1, BB1, II1)
  [FIXED] recipe/sub/sub_mas-e2e-german-fixes-director.yaml (B3, G2, K1, K3, L1, L2, O1, U1, BB1, II1)
  [FIXED] recipe/sub/sub_mas-e2e-german-fixes-runner.yaml (B3, G2, K1, K3, L1, L2, U1, BB1, II1)
  [FIXED] recipe/sub/sub_mas-e2e-german-fixes-validator.yaml (B3, G2, K1, K3, L1, L2, U1, BB1, II1)
  [FIXED] recipe/sub/sub_mas-e2e-phoenix-fixes-director.yaml (B3, G2, K1, K3, L1, L2, O1, U1, BB1, II1)
  [FIXED] recipe/sub/sub_mas-e2e-phoenix-fixes-runner.yaml (B3, G2, K1, K3, L1, L2, U1, BB1, II1)
  [FIXED] recipe/sub/sub_mas-e2e-phoenix-fixes-validator.yaml (B3, G2, K1, K3, L1, L2, U1, BB1, II1)
  [FIXED] recipe/sub/sub_mas-email-campaign-manager.yaml (B3, G2, K1, K3, L1, L2, U1, BB1)
  [FIXED] recipe/sub/sub_mas-framework-audit-agent.yaml (B3, G2, K1, K3, L1, L2, U1, II1)
  [FIXED] recipe/sub/sub_mas-framework-harden-agent.yaml (B3, G2, K1, K3, L1, L2, U1, II1)
  [FIXED] recipe/sub/sub_mas-framework-knowledge.yaml (B3, G2, K1, K3, L1, L2, O1, U1, BB1, II1)
  [FIXED] recipe/sub/sub_mas-framework-scan-agent.yaml (B3, G2, K1, K3, L1, L2, U1, II1)
  [FIXED] recipe/sub/sub_mas-framework-scanner-director.yaml (B3, G2, K1, K3, L1, L2, O1, U1, II1)
  [FIXED] recipe/sub/sub_mas-framework-scanner.yaml (B3, G2, K1, K3, L1, L2, O1, U1, II1)
  [FIXED] recipe/sub/sub_mas-general-improver.yaml (B3, G2, K1, K3, L1, L2, O1, U1, BB1, II1)
  [FIXED] recipe/sub/sub_mas-generic-init.yaml (B3, G2, K1, K3, L1, L2, O1, U1, BB1, II1)
  [FIXED] recipe/sub/sub_mas-git-operator.yaml (G2, K1, K3, U1)
  [FIXED] recipe/sub/sub_mas-goose-admin.yaml (B3, K1, K3, L1, U1, II1)
  [FIXED] recipe/sub/sub_mas-goose-expert.yaml (B3, G2, K1, K3, L1, L2, O1, U1, BB1, II1)
  [FIXED] recipe/sub/sub_mas-health-reporter.yaml (B3, G2, K1, K3, L1, L2, O1, U1, BB1, II1)
  [FIXED] recipe/sub/sub_mas-im-designer.yaml (B3, G2, K1, K3, L1, L2, O1, U1, BB1, II1)
  [FIXED] recipe/sub/sub_mas-im-finder.yaml (B3, G2, K1, K3, L1, L2, O1, U1, BB1, II1)
  [FIXED] recipe/sub/sub_mas-im-rank.yaml (B3, G2, K1, K3, L1, L2, O1, U1, BB1, II1)
  [FIXED] recipe/sub/sub_mas-im-session-reader.yaml (B3, G2, K1, K3, L1, L2, O1, U1, BB1, II1)
  [FIXED] recipe/sub/sub_mas-im-validator.yaml (B3, G2, K1, K3, L1, L2, O1, U1, BB1, II1)
  [FIXED] recipe/sub/sub_mas-intention-parser.yaml (G2, K1, K3, L1, L2, O1, U1, BB1, II1)
  [FIXED] recipe/sub/sub_mas-interpreter.yaml (G2, K1, K3, L1, L2, O1, U1, BB1, II1)
  [FIXED] recipe/sub/sub_mas-json-utility.yaml (B3, G2, K3, L1, L2, U1)
  [FIXED] recipe/sub/sub_mas-mas-controller.yaml (G2, K1, K3, L1, L2, O1, U1, BB1, II1)
  [FIXED] recipe/sub/sub_mas-master-constitution.yaml (G2, K1, K3, L1, L2, O1, U1, BB1, II1)
  [FIXED] recipe/sub/sub_mas-migration-helper.yaml (B3, G2, K1, K3, L1, L2, O1, U1, BB1, II1)
  [FIXED] recipe/sub/sub_mas-monitor-health.yaml (B3, G2, K1, K3, L1, L2, O1, U1, BB1, II1)
  [FIXED] recipe/sub/sub_mas-monitor-recovery.yaml (B3, K1, K3, L1, O1, U1, II1)
  [FIXED] recipe/sub/sub_mas-monitor-runtime.yaml (B3, K1, K3, L1, L2, O1, U1, II1)
  [FIXED] recipe/sub/sub_mas-monitor-session.yaml (B3, K1, K3, L1, O1, U1, II1)
  [FIXED] recipe/sub/sub_mas-pre-push-validator.yaml (B3, G2, K1, K3, L1, L2, O1, U1, BB1, II1)
  [FIXED] recipe/sub/sub_mas-prompt-engineer.yaml (G2, K1, K3, L1, L2, O1, U1, BB1, II1)
  [FIXED] recipe/sub/sub_mas-python-analyzer.yaml (B3, G2, K1, K3, L1, L2, U1, II1)
  [FIXED] recipe/sub/sub_mas-python-fixer.yaml (B3, G2, K1, K3, L1, L2, O1, U1, II1)
  [FIXED] recipe/sub/sub_mas-python-repair-director.yaml (B3, G2, K1, K3, L1, L2, O1, U1, II1)
  [FIXED] recipe/sub/sub_mas-python-repair.yaml (B3, G2, K1, K3, L1, L2, O1, U1, II1)
  [FIXED] recipe/sub/sub_mas-python-validator.yaml (B3, G2, K1, K3, L1, L2, U1, II1)
  [FIXED] recipe/sub/sub_mas-recipe-designer.yaml (G2, K1, K3, L1, L2, O1, U1, BB1, II1)
  [FIXED] recipe/sub/sub_mas-recipe-manager.yaml (B3, K1, K3, L2, U1, II1)
  [FIXED] recipe/sub/sub_mas-recovery-checkpoint.yaml (B3, G2, K1, K3, L1, L2, O1, U1, BB1, II1)
  [FIXED] recipe/sub/sub_mas-recovery-defib.yaml (B3, G2, K1, K3, L1, L2, O1, U1, BB1, II1)
  [FIXED] recipe/sub/sub_mas-recovery-immune.yaml (B3, G2, K1, K3, L1, L2, O1, U1, BB1, II1)
  [FIXED] recipe/sub/sub_mas-recovery-safezone.yaml (G2, K1, K3, L1, L2, O1, U1, BB1, II1)
  [FIXED] recipe/sub/sub_mas-recovery-timeline.yaml (B3, G2, K1, K3, L1, L2, O1, U1, BB1, II1)
  [FIXED] recipe/sub/sub_mas-self-auditor.yaml (B3, G2, K1, K3, L1, U1, BB1, II1)
  [FIXED] recipe/sub/sub_mas-seo-researcher.yaml (B3, G2, K1, K3, L1, L2, U1, BB1, II1)
  [FIXED] recipe/sub/sub_mas-session-analyst.yaml (B3, G2, K1, K3, L1, L2, O1, U1, BB1, II1)
  [FIXED] recipe/sub/sub_mas-signal-generator.yaml (B3, K1, K3, L1, L2, O1, U1, II1)
  [FIXED] recipe/sub/sub_mas-social-media-manager.yaml (B3, G2, K1, K3, L1, L2, U1, BB1)
  [FIXED] recipe/sub/sub_mas-summarizer.yaml (G2, K1, K3, L1, L2, O1, U1, BB1, II1)
  [FIXED] recipe/sub/sub_mas-system-knowledge.yaml (B3, G2, K1, K3, L1, L2, O1, U1, BB1, II1)
  [FIXED] recipe/sub/sub_mas-team-packager.yaml (B3, K1, K3, L1, L2, U1, BB1, II1)
  [FIXED] recipe/sub/sub_mas-test-agent.yaml (B3, G2, K1, K3, L1, L2, U1, II1)
  [FIXED] recipe/sub/sub_mas-test-director.yaml (B3, G2, K1, K3, L1, L2, O1, U1, II1)
  [FIXED] recipe/sub/sub_mas-test-fix-failures-applier.yaml (B3, G2, K1, K3, L1, L2, BB1, II1)
  [FIXED] recipe/sub/sub_mas-test-fix-failures-designer.yaml (B3, G2, K1, K3, L1, L2, U1, BB1, II1)
  [FIXED] recipe/sub/sub_mas-test-fix-failures-director.yaml (B3, G2, K1, K3, L1, L2, O1, U1, BB1, II1)
  [FIXED] recipe/sub/sub_mas-test-fix-failures-finder.yaml (B3, G2, K1, K3, L1, L2, U1, BB1, II1)
  [FIXED] recipe/sub/sub_mas-test-fix-failures-ranker.yaml (B3, G2, K1, K3, L1, L2, U1, BB1, II1)
  [FIXED] recipe/sub/sub_mas-test-fix-failures-validator-director.yaml (B3, G2, K1, K3, L1, L2, U1, II1)
  [FIXED] recipe/sub/sub_mas-test-fix-failures-validator.yaml (B3, G2, K1, K3, L1, L2, U1, II1)
  [FIXED] recipe/sub/sub_mas-test-reporter.yaml (B3, G2, K1, K3, L1, L2, O1, U1, II1)
  [FIXED] recipe/sub/sub_mas-test-runner.yaml (B3, G2, K1, K3, L1, L2, O1, U1, BB1, II1)
  [FIXED] recipe/sub/sub_mas-test-scanner.yaml (B3, G2, K1, K3, L1, L2, O1, U1, II1)
  [FIXED] recipe/sub/sub_mas-tff-crossref-validator.yaml (B3, G2, K1, K3, L1, L2, U1, II1)
  [FIXED] recipe/sub/sub_mas-tff-rule-validator.yaml (B3, G2, K1, K3, L1, L2, U1, II1)
  [FIXED] recipe/sub/sub_mas-tff-syntax-validator.yaml (B3, G2, K1, K3, L1, L2, U1, II1)
  [FIXED] recipe/sub/sub_mas-unix-test-runner.yaml (B3, G2, K1, K3, L1, L2, O1, U1, BB1, II1)
  [FIXED] recipe/sub/sub_mas-verification-runner.yaml (G2, K1, K3, L1, L2, O1, U1, BB1, II1)
  [FIXED] recipe/sub/sub_mas-web-researcher.yaml (B3, G2, K1, K3, L1, L2, O1, U1, BB1, II1)
  [FIXED] recipe/sub/sub_mas-workflow-engine.yaml (G2, K1, K3, L1, L2, O1, U1, BB1, II1)
  [FIXED] recipe/sub/sub_mas-worktree-manager.yaml (G2, K1, K3, L1, L2, O1, U1, BB1, II1)
  [FIXED] recipe/sub/sub_mas-yaml-editor.yaml (B3, G2, K1, K3, L1, L2, O1, U1, BB1, II1)
  [FIXED] recipe/sub/template/agent_template.yaml (F3, F4, B3, G2, K1, K3, L1, L2, U1)
  [FIXED] recipe/template/agent_template.yaml (F3, F4, B3, L1, L2, U1)
  [FIXED] recipe/template/recovery/checkpoint.yaml (F3, F4, B3, G2, K1, K3, L1, L2, U1, BB1)
  [FIXED] recipe/template/recovery/defib.yaml (F3, F4, B3, K3, L1, L2, U1, BB1, II1)
  [FIXED] recipe/template/recovery/immune.yaml (F3, F4, B3, G2, K3, L1, BB1, II1)
  [FIXED] recipe/template/recovery/safezone.yaml (F3, F4, G2, K1, K3, L2, U1, BB1, II1)
  [FIXED] recipe/template/recovery/timeline.yaml (F3, F4, B3, G2, K1, K3, L1, L2, BB1, II1)
  [FIXED] recipe/test-fix-failures.yaml (F3, B3, G2, K1, K3, L1, L2, U1, BB1, II1)
  [FIXED] recipe/test-mas-user.yaml (B3, G2, K1, K3, L1, O1, U1, BB1, II1)

========================================
Files that would be modified: 148
Findings that would be fixed: 1321
Q3 false-positives skipped: 0


=== Step 4: git status ===
  0 modified, 6 untracked

=== Step 5: pre-push-validator ===
  exit code: 1
  stdout (last 1500):


=== Step 6: final git status ===
 M recipe/dashboard-data-refresh.yaml
 M recipe/dev-mas-engineer.yaml
 M recipe/e2e-verify-auto-repair.yaml
 M recipe/e2e-verify-german-fixes.yaml
 M recipe/e2e-verify-phoenix-fixes.yaml
 M recipe/root_recipe.yaml
 M recipe/setup-dashboard.yaml
 M recipe/sub/demo-team/code-reviewer-ORIGINAL.yaml
 M recipe/sub/demo-team/code-reviewer.yaml
 M recipe/sub/demo-team/sub_mas-analytics-reporter.yaml
 M recipe/sub/demo-team/sub_mas-code-reviewer-director.yaml
 M recipe/sub/demo-team/sub_mas-code-reviewer-reporter.yaml
 M recipe/sub/demo-team/sub_mas-code-reviewer-synthesizer.yaml
 M recipe/sub/demo-team/sub_mas-code-reviewer-validator.yaml
 M recipe/sub/demo-team/sub_mas-cr-director.yaml
 M recipe/sub/demo-team/sub_mas-cr-orchestrator.yaml
 M recipe/sub/demo-team/sub_mas-cr-report-valid-coordinator.yaml
 M recipe/sub/demo-team/sub_mas-cr-reporter-formatter.yaml
 M recipe/sub/demo-team/sub_mas-cr-reporter-orchestrator.yaml
 M recipe/sub/demo-team/sub_mas-cr-reporter-recommender.yaml
 M recipe/sub/demo-team/sub_mas-cr-reporter.yaml
 M recipe/sub/demo-team/sub_mas-cr-synth-coordinator.yaml
 M recipe/sub/demo-team/sub_mas-cr-synthesizer-merger.yaml
 M recipe/sub/demo-team/sub_mas-cr-synthesizer-orchestrator.yaml
 M recipe/sub/demo-team/sub_mas-cr-synthesizer-prioritizer.yaml
 M recipe/sub/demo-team/sub_mas-cr-synthesizer.yaml
 M recipe/sub/demo-team/sub_mas-cr-validator-crosschecker.yaml
 M recipe/sub/demo-team/sub_mas-cr-validator-orchestrator.yaml
 M recipe/sub/demo-team/sub_mas-cr-validator-scorer.yaml
 M recipe/sub/demo-team/sub_mas-cr-validator.yaml
 M recipe/sub/demo-team/sub_mas-demo-runner.yaml
 M recipe/sub/legacy/dev-mas-engineer-ORIGINAL.yaml
 M recipe/sub/legacy/e2e-verify-auto-repair-ORIGINAL.yaml
 M recipe/sub/legacy/e2e-verify-german-fixes-ORIGINAL.yaml
 M recipe/sub/legacy/e2e-verify-phoenix-fixes-ORIGINAL.yaml
 M recipe/sub/legacy/sub_mas-code-reviewer-director-ORIGINAL.yaml
 M recipe/sub/legacy/sub_mas-code-reviewer-reporter-ORIGINAL.yaml
 M recipe/sub/legacy/sub_mas-code-reviewer-synthesizer-ORIGINAL.yaml
 M recipe/sub/legacy/sub_mas-code-reviewer-validator-ORIGINAL.yaml
 M recipe/sub/legacy/sub_mas-framework-scanner-ORIGINAL.yaml
 M recipe/sub/legacy/sub_mas-python-repair-ORIGINAL.yaml
 M recipe/sub/legacy/sub_mas-test-fix-failures-validator-ORIGINAL.yaml
 M recipe/sub/legacy/test-mas-user-ORIGINAL.yaml
 M recipe/sub/security-scanner.yaml
 M recipe/sub/static-analyzer.yaml
 M recipe/sub/sub_mas-agent-guardian.yaml
 M recipe/sub/sub_mas-bootstrap.yaml
 M recipe/sub/sub_mas-config-auditor.yaml
 M recipe/sub/sub_mas-content-writer.yaml
 M recipe/sub/sub_mas-dashboard-refresh.yaml
 M recipe/sub/sub_mas-degradation-handler.yaml
 M recipe/sub/sub_mas-dev-analyzer.yaml
 M recipe/sub/sub_mas-dev-builder.yaml
 M recipe/sub/sub_mas-dev-director.yaml
 M recipe/sub/sub_mas-dev-observer.yaml
 M recipe/sub/sub_mas-dev-tester.yaml
 M recipe/sub/sub_mas-doc-generator.yaml
 M recipe/sub/sub_mas-doc-writer.yaml
 M recipe/sub/sub_mas-e2e-auto-repair-directo

Log: /workspace/mas-engineer-src/mas-engineer/e2e-evidence-gen2/e2e_bulk_apply_1784920471.log
