Tracked-file secret hits:
e2e-results/2026-07-19-demo-runner-ARCHIVED-script-failure/e2e-demo-runner.sh
e2e-results/2026-07-19-demo-runner-v2/evidence/h-build1.log
e2e-results/2026-07-21-demo-3teams/E2E-FIX-VERIFICATION/replay-e2e-test.sh
e2e-results/2026-07-21-demo-3teams/SUMMARY-ROUND2-MAS-ENGINEER-FIX.md
e2e-results/2026-07-21-mas-e2e-full/evidence/07-demo-runner-14-checks-pass.log
e2e-results/2026-07-21-mas-e2e-full/evidence/08-web-researcher-ready-briefing.log
e2e-results/2026-07-28-r1101-pty-verification/evidence/.env-test
mas-engineer/docs/DEMO-MULTI-ARCH-30.md
mas-engineer/docs/HOWTO-PACKAGE-TEAM.md
mas-engineer/e2e-results/2026-07-30-mas-pty-129/evidence/sub_mas-degradation-analyzer.log
mas-engineer/e2e-results/2026-07-30-mas-pty-129/evidence/sub_mas-dev-observer.log
mas-engineer/e2e-results/2026-07-30-mas-pty-129/evidence/sub_mas-framework-auditor.log
mas-engineer/e2e-results/2026-07-30-mas-pty-129/evidence/sub_mas-self-auditor.log
mas-engineer/e2e-results/2026-07-30-mas-pty-129/evidence/sub_mas-team-packager-builder.log
mas-engineer/e2e-results/2026-07-30-mas-pty-129/evidence/sub_mas-team-packager-validator.log
mas-engineer/e2e-results/2026-07-30-mas-pty-129/evidence/sub_mas-team-packager.log
mas-engineer/e2e-results/2026-07-30-mas-pty-129/evidence/sub_mas-test-fix-failures-designer.log
mas-engineer/e2e-results/2026-07-30-mas-pty-129/evidence/sub_mas-test-reporter.log
mas-engineer/e2e-results/2026-08-01-mas-pty-129/evidence/dev-mas-engineer-30agents.log
mas-engineer/e2e-results/2026-08-01-mas-pty-129/evidence/sub_mas-team-packager-builder.log
mas-engineer/e2e-results/2026-08-01-mas-pty-129/evidence/sub_mas-team-packager-validator.log
mas-engineer/e2e-results/2026-08-01-mas-pty-129/evidence/sub_mas-team-packager.log
mas-engineer/findings/F-2026-07-28-goose-e2e-dryrun.md
mas-engineer/recipe/instructions/sub_mas-team-packager.md
mas-engineer/scripts/goose-reinstall.sh
mas-engineer/tools/dev_install.sh
---
History secret hits:

  (none — OK)
