[08:28:04] [WARN] R01 bypass REQUESTED but not fully enabled: --auto-confirm=True, MAS_AUTO_CONFIRM=None. Both required. R01 will still block workflows in this run.
[08:28:04] [INFO] results dir: /workspace/dev-branch/mas-engineer-cleanup/logs/e2e-results/2026-08-30-run-4

============================================================
  TEST 1: Recipe YAML parse + required fields
============================================================
[08:28:05] [INFO] OK: 125, WARN: 0, FAIL: 0

============================================================
  TEST 2: Top-level workflows (3 of 3)
============================================================
[08:28:05] [INFO]   running build-test...
[08:28:13] [INFO]     build-test: fail
[08:28:13] [INFO]   running si-analyse...
[08:28:13] [INFO]     si-analyse: ok
[08:28:13] [INFO]   running knowledge-refresh...
[08:28:13] [INFO]     knowledge-refresh: ok

============================================================
  TEST 3: Recovery workflows (5 of 5)
============================================================
[08:28:13] [INFO]   running wf_recovery_immune...
[08:28:30] [INFO]     wf_recovery_immune: ok (auto_repair: ok)
[08:28:30] [INFO]   running wf_recovery_checkpoint...
[08:28:30] [INFO]     wf_recovery_checkpoint: ok (auto_repair: ok)
[08:28:30] [INFO]   running wf_recovery_safezone...
[08:28:31] [INFO]     wf_recovery_safezone: ok (auto_repair: ok)
[08:28:31] [INFO]   running wf_recovery_timeline...
[08:28:31] [INFO]     wf_recovery_timeline: ok (auto_repair: ok)
[08:28:31] [INFO]   running wf_recovery_defib...
[08:28:31] [INFO]     wf_recovery_defib: ok (auto_repair: n/a)

============================================================
  TEST 4: Task_workflows sample (2 per category)
============================================================
[08:28:31] [INFO] sampling 70 candidate workflows from 43 categories; skipping 3 out-of-scope; running 67
[08:28:34] [INFO]   progress: 10/67
[08:28:37] [INFO]   progress: 20/67
[08:28:43] [INFO]   progress: 30/67
[08:28:46] [INFO]   progress: 40/67
[08:28:51] [INFO]   progress: 50/67
[08:29:08] [INFO]   progress: 60/67
[08:29:16] [INFO]     wf_mq_consumer_cpdone: SKIP (out of e2e-scope, replaced in sample)
[08:29:16] [INFO]     wf_mq_consumer_error: SKIP (out of e2e-scope, replaced in sample)
[08:29:16] [INFO]     wf_recovery_defib: SKIP (out of e2e-scope, replaced in sample)
[08:29:16] [INFO]     wf_test_compare: SKIP (out of e2e-scope, replaced in sample)
[08:29:16] [INFO]     wf_yaml_clone: SKIP (out of e2e-scope, replaced in sample)
[08:29:16] [INFO] OK: 66, FAIL: 1, TIMEOUT: 0, ERROR: 0, SKIP: 5

============================================================
  FINAL SCORE
============================================================
[08:29:16] [INFO] TOTAL: 200 tested, 198 PASS (99.0%)
[08:29:16] [INFO]   recipe_yaml:        125/125 OK
[08:29:16] [INFO]   top_workflows:      2/3 OK
[08:29:16] [INFO]   recovery_workflows: 5/5 OK
[08:29:16] [INFO]   task_workflows:     66/67 OK
[08:29:16] [INFO] elapsed: 71.3s
[08:29:16] [INFO] results: /workspace/dev-branch/mas-engineer-cleanup/logs/e2e-results/2026-08-30-run-4/raw-results.json
[08:29:16] [SUCCESS] PASS (>= 95%)
