      "SD-test_dev_workflow_runner_mq_actions-4": 1,
      "SD-test_dev_workflow_runner_mq_actions-5": 1,
      "SD-test_dev_workflow_runner_mq_actions-6": 1,
      "SD-test_guardian_scan-1": 1,
      "SD-test_guardian_scan-2": 1,
      "SD-test_mcp_dashboard_server-1": 1,
      "SD-test_mcp_dashboard_server-2": 1,
      "SD-test_mcp_dashboard_server-3": 1,
      "SD-test_mcp_dashboard_server-4": 1,
      "SD-test_mcp_dashboard_server-5": 1,
      "SD-test_mcp_dashboard_server-6": 1,
      "SD-test_r110134_8_evidence_secret_leak-1": 1,
      "SD-test_recipe_instructions-1": 1,
      "SD-test_sd_fixture_r110105-1": 1,
      "SD-test_sub_mas_content_writer-1": 1,
      "SD-test_sub_mas_content_writer-2": 1,
      "SD-test_sub_mas_im_finder-1": 1,
      "SD-test_sub_mas_prompt_engineer-1": 1,
      "SD-recipe_sub_mas-im-rank-1": 1
    },
    "by_severity": {
      "medium": 81
    }
  }
}
