........................................................................ [  0%]
........................................................................ [  1%]
........................................................................ [  2%]
........................................................................ [  3%]
........................................................................ [  4%]
........................................................................ [  5%]
........................................................................ [  6%]
........................................................................ [  7%]
........................................................................ [  8%]
........................................................................ [  9%]
........................................................................ [ 10%]
........................................................................ [ 11%]
........................................................................ [ 12%]
........................................................................ [ 12%]
........................................................................ [ 13%]
........................................................................ [ 14%]
........................................................................ [ 15%]
........................................................................ [ 16%]
........................................................................ [ 17%]
........................................................................ [ 18%]
........................................................................ [ 19%]
........................................................................ [ 20%]
........................................................................ [ 21%]
........................................................................ [ 22%]
........................................................................ [ 23%]
........................................................................ [ 24%]
............s........................................................... [ 24%]
........................................................................ [ 25%]
........................................................................ [ 26%]
........................................................................ [ 27%]
........................................................................ [ 28%]
........................................................................ [ 29%]
........................................................................ [ 30%]
........................................................................ [ 31%]
........................................................................ [ 32%]
........................................................................ [ 33%]
........................................................................ [ 34%]
............................................s........................... [ 35%]
........................................................................ [ 36%]
........................................................................ [ 36%]
........................................................................ [ 37%]
........................................................................ [ 38%]
........................................................................ [ 39%]
........................................................................ [ 40%]
........................................................................ [ 41%]
........................................................................ [ 42%]
....s......................................................ssss......... [ 43%]
........................................................................ [ 44%]
........................................................................ [ 45%]
........................................................................ [ 46%]
........................................................................ [ 47%]
........................................................................ [ 48%]
........................................................................ [ 49%]
........................................................................ [ 49%]
........................................................................ [ 50%]
........................................................................ [ 51%]
........................................................................ [ 52%]
........................................................................ [ 53%]
........................................................................ [ 54%]
........................................................................ [ 55%]
........................................................................ [ 56%]
........................................................................ [ 57%]
........................................................................ [ 58%]
........................................................................ [ 59%]
........................................................................ [ 60%]
........................................................................ [ 61%]
........................................................................ [ 61%]
........................................................................ [ 62%]
........................................................................ [ 63%]
........................................................................ [ 64%]
........................................................................ [ 65%]
........................................................................ [ 66%]
.......................................x................................ [ 67%]
........................................................................ [ 68%]
........................................................................ [ 69%]
........................................................................ [ 70%]
........................................................................ [ 71%]
........................................................................ [ 72%]
........................................................................ [ 73%]
........................................................................ [ 73%]
........................................................................ [ 74%]
........................................................................ [ 75%]
........................................................................ [ 76%]
........................................................................ [ 77%]
........................................................................ [ 78%]
........................................................................ [ 79%]
........................................................................ [ 80%]
........................................................................ [ 81%]
........................................................................ [ 82%]
........................................................................ [ 83%]
........................................................................ [ 84%]
........................................................................ [ 85%]
........................................................................ [ 86%]
........................................................................ [ 86%]
........................................................................ [ 87%]
........................................................................ [ 88%]
........................................................................ [ 89%]
.................X...................................................... [ 90%]
........................................................................ [ 91%]
........................................................................ [ 92%]
........................................................................ [ 93%]
........................................................................ [ 94%]
........................................................................ [ 95%]
........................................................................ [ 96%]
........................................................................ [ 97%]
........................................................................ [ 98%]
........................................................................ [ 98%]
........................................................................ [ 99%]
.........                                                                [100%]
=============================== warnings summary ===============================
tests/test_dev_template_engine_coverage.py::test_main_with_required_args_writes_file
tests/test_dev_template_engine_coverage.py::test_main_with_json_output
tests/test_dev_template_engine_coverage.py::test_main_with_registry_calls_merge_tool
tests/test_dev_template_engine_coverage.py::test_main_auto_commit_flag
  <frozen runpy>:128: RuntimeWarning: 'tools.dev_template_engine' found in sys.modules after import of package 'tools', but prior to execution of 'tools.dev_template_engine'; this may result in unpredictable behaviour

tests/test_dev_workload_monitor_coverage.py::test_main_runpy_invokes_main
  <frozen runpy>:128: RuntimeWarning: 'tools.dev_workload_monitor' found in sys.modules after import of package 'tools', but prior to execution of 'tools.dev_workload_monitor'; this may result in unpredictable behaviour

tests/test_r110542_dev_app_builder_coverage.py::test_main_default_prints_summary
tests/test_r110542_dev_app_builder_coverage.py::test_main_with_workspace_arg
tests/test_r110542_dev_app_builder_coverage.py::test_main_with_workspace_flag
tests/test_r110542_dev_app_builder_coverage.py::test_main_generate_flag
tests/test_r110542_dev_app_builder_coverage.py::test_main_init_flag
  <frozen runpy>:128: RuntimeWarning: 'tools.dev_app_builder' found in sys.modules after import of package 'tools', but prior to execution of 'tools.dev_app_builder'; this may result in unpredictable behaviour

tests/test_r110553_dev_directive_parser_main_coverage.py::test_main_module_invocation
  <frozen runpy>:128: RuntimeWarning: 'tools.dev_directive_parser' found in sys.modules after import of package 'tools', but prior to execution of 'tools.dev_directive_parser'; this may result in unpredictable behaviour

-- Docs: https://docs.pytest.org/en/stable/how-to/capture-warnings.html
7776 passed, 7 skipped, 1 xfailed, 1 xpassed, 11 warnings in 730.51s (0:12:10)
EXIT=0
